../Core/Src/main.c:130:9:Read_Temperature	40	static
../Core/Src/main.c:81:5:main	104	static
../Core/Src/main.c:228:6:HAL_TIM_PeriodElapsedCallback	16	static
../Core/Src/main.c:239:6:SystemClock_Config	88	static
../Core/Src/main.c:285:13:MX_ADC1_Init	56	static
../Core/Src/main.c:353:13:MX_LPUART1_UART_Init	8	static
../Core/Src/main.c:400:13:MX_USART1_UART_Init	8	static
../Core/Src/main.c:448:13:MX_TIM1_Init	40	static
../Core/Src/main.c:495:13:MX_GPIO_Init	48	static
../Core/Src/main.c:548:6:Error_Handler	4	static,ignoring_inline_asm
